hello world 
hello world test
hello world test
hello world test
hello world test/Users/yiche/Library/Application
hello world test/Users/yiche/Library/Application
hello world test/Users/yiche/Library/Application
hello world test
hello world test
